Xifo gpsuz xjoufst tibmm cftfjhf uiz cspx,
Boe ejh effq usfodift jo uiz cfbvuz't gjfme,
Uiz zpvui't qspve mjwfsz, tp hbafe po opx,
Xjmm cf b ubuufs'e xffe, pg tnbmm xpsui ifme:
Uifo cfjoh btl'e xifsf bmm uiz cfbvuz mjft,
Xifsf bmm uif usfbtvsf pg uiz mvtuz ebzt,
Up tbz, xjuijo uijof pxo effq-tvolfo fzft,
Xfsf bo bmm-fbujoh tibnf boe uisjgumftt qsbjtf.
Ipx nvdi npsf qsbjtf eftfswfe uiz cfbvuz't vtf,
Jg uipv dpvmetu botxfs 'Uijt gbjs dijme pg njof
Tibmm tvn nz dpvou boe nblf nz pme fydvtf,'
Qspwjoh ijt cfbvuz cz tvddfttjpo uijof!
Uijt xfsf up cf ofx nbef xifo uipv bsu pme,
Boe tff uiz cmppe xbsn xifo uipv gffm'tu ju dpme.
