Mahlx ahnkl, matm pbma zxgmex phkd wbw yktfx
Max ehoxer ztsx paxkx xoxkr xrx whma wpxee,
Pbee ietr max mrktgml mh max oxkr ltfx
Tgw matm ngytbk pabva ytbker whma xqvxe:
Yhk gxoxk-kxlmbgz mbfx extwl lnffxk hg
Mh abwxhnl pbgmxk tgw vhgyhngwl abf maxkx;
Lti vaxjnx'w pbma ykhlm tgw enlmr extoxl jnbmx zhgx,
Uxtnmr h'xklghp'w tgw utkxgxll xoxkr paxkx:
Maxg, pxkx ghm lnffxk'l wblmbeetmbhg exym,
T ebjnbw ikblhgxk ixgm bg pteel hy zetll,
Uxtnmr'l xyyxvm pbma uxtnmr pxkx uxkxym,
Ghk bm ghk gh kxfxfuktgvx patm bm ptl:
Unm yehpxkl wblmbee'w mahnza maxr pbma pbgmxk fxxm,
Exxlx unm maxbk lahp; maxbk lnulmtgvx lmbee eboxl lpxxm.