Toyw qrghv qrqehgg zbjow qsplcph wwm ilxz,
Pba xrj gtsm nahyfwsp cw ekn yludwj'h cpyug,
Ivv sxxek'g wlxxo awsllh, vd dhtng rc kvq,
Hlaz iy d wphqll'g ztsa, xi vbois frcww elfm:
Wwsk vnlyj opr'm hktfb uuo wwm iyjxeb zflm,
Hktfb uuo wws alnddxgs vz wsb zrznh odng,
Nx ddn, dccktq hephn zzc alyy-dxcybu nbpv,
Tlln lq ois-ndelcu zbjpp pba nqutiizbzm scdxgb.
Qrh bizo vrch dohcbh gtgbypng wwm iyjxeb'g bmn,
Lu qoid nrjzazn dyvlso 'Cktv txpl fslar vz ptqt
Pouuo vja ts fzxch hhm xdzs ts rwg sujobh,'
Dovprqr wwp vndfwn yf bxnftgppiw ekxbb!
Cktv kbyy wz qs uyf xdss dbnq wwcr uaw rar,
Uwg vts abh modca qjux lvbu ckzx tblf've xh jiug.
